pair|0	#[fg=colour121,bold]Claude#[default] #[fg=colour245](3m)#[default] 5h [#[fg=colour72]████#[fg=colour238]░░░░░░] #[fg=colour72]42%#[default] · weekly [#[fg=colour72]██#[fg=colour238]░░░░░░░░] #[fg=colour72]18%#[default]#[default]   #[fg=colour121,bold]Codex#[default] 5h [#[fg=colour72]███████#[fg=colour238]░░░] #[fg=colour72]71%#[default]#[default]#[default]
pair|40	Claude 5h:42% weekly:18%   Codex 5h:71%
pair|50	Claude 5h:42% weekly:18%   Codex 5h:71%
pair|60	#[fg=colour121,bold]Claude#[default] 5h [#[fg=colour72]████#[fg=colour238]░░░░░░] #[fg=colour72]42%#[default]#[default]   #[fg=colour121,bold]Codex#[default] 5h [#[fg=colour72]███████#[fg=colour238]░░░] #[fg=colour72]71%#[default]#[default]#[default]
pair|80	#[fg=colour121,bold]Claude#[default] 5h [#[fg=colour72]████#[fg=colour238]░░░░░░] #[fg=colour72]42%#[default] · weekly [#[fg=colour72]██#[fg=colour238]░░░░░░░░] #[fg=colour72]18%#[default]#[default]   #[fg=colour121,bold]Codex#[default] 5h [#[fg=colour72]███████#[fg=colour238]░░░] #[fg=colour72]71%#[default]#[default]#[default]
pair|100	#[fg=colour121,bold]Claude#[default] #[fg=colour245](3m)#[default] 5h [#[fg=colour72]████#[fg=colour238]░░░░░░] #[fg=colour72]42%#[default] · weekly [#[fg=colour72]██#[fg=colour238]░░░░░░░░] #[fg=colour72]18%#[default]#[default]   #[fg=colour121,bold]Codex#[default] 5h [#[fg=colour72]███████#[fg=colour238]░░░] #[fg=colour72]71%#[default]#[default]#[default]
pair|120	#[fg=colour121,bold]Claude#[default] #[fg=colour245](3m)#[default] 5h [#[fg=colour72]████#[fg=colour238]░░░░░░] #[fg=colour72]42%#[default] · weekly [#[fg=colour72]██#[fg=colour238]░░░░░░░░] #[fg=colour72]18%#[default]#[default]   #[fg=colour121,bold]Codex#[default] 5h [#[fg=colour72]███████#[fg=colour238]░░░] #[fg=colour72]71%#[default]#[default]#[default]
pair|160	#[fg=colour121,bold]Claude#[default] #[fg=colour245](3m)#[default] 5h [#[fg=colour72]████#[fg=colour238]░░░░░░] #[fg=colour72]42%#[default] · weekly [#[fg=colour72]██#[fg=colour238]░░░░░░░░] #[fg=colour72]18%#[default]#[default]   #[fg=colour121,bold]Codex#[default] 5h [#[fg=colour72]███████#[fg=colour238]░░░] #[fg=colour72]71%#[default]#[default]#[default]
pair|200	#[fg=colour121,bold]Claude#[default] #[fg=colour245](3m)#[default] 5h [#[fg=colour72]████#[fg=colour238]░░░░░░] #[fg=colour72]42%#[default] · weekly [#[fg=colour72]██#[fg=colour238]░░░░░░░░] #[fg=colour72]18%#[default]#[default]   #[fg=colour121,bold]Codex#[default] 5h [#[fg=colour72]███████#[fg=colour238]░░░] #[fg=colour72]71%#[default]#[default]#[default]
ladder|0	#[fg=colour121,bold]Claude#[default] #[fg=colour245](3m)#[default] 5h [#[fg=colour72]████#[fg=colour238]░░░░░░] #[fg=colour72]42%#[default] · weekly [#[fg=colour72]██#[fg=colour238]░░░░░░░░] #[fg=colour72]18%#[default]#[default]   #[fg=colour121,bold]Codex [stale]#[default] #[fg=colour245](3m)#[default] 5h [#[fg=colour72]███████#[fg=colour238]░░░] #[fg=colour72]71%#[default]#[default]#[default]
ladder|40	C 5h:42% weekly:18%   X [stale] 5h:71%
ladder|50	Claude 5h:42% weekly:18%   Codex [stale] 5h:71%
ladder|60	Claude 5h:42% weekly:18%   Codex [stale] 5h:71%
ladder|80	#[fg=colour121,bold]Claude#[default] 5h [#[fg=colour72]████#[fg=colour238]░░░░░░] #[fg=colour72]42%#[default]#[default]   #[fg=colour121,bold]Codex [stale]#[default] 5h [#[fg=colour72]███████#[fg=colour238]░░░] #[fg=colour72]71%#[default]#[default]#[default]
ladder|100	#[fg=colour121,bold]Claude#[default] #[fg=colour245](3m)#[default] 5h [#[fg=colour72]████#[fg=colour238]░░░░░░] #[fg=colour72]42%#[default] · weekly [#[fg=colour72]██#[fg=colour238]░░░░░░░░] #[fg=colour72]18%#[default]#[default]   #[fg=colour121,bold]Codex [stale]#[default] #[fg=colour245](3m)#[default] 5h [#[fg=colour72]███████#[fg=colour238]░░░] #[fg=colour72]71%#[default]#[default]#[default]
ladder|120	#[fg=colour121,bold]Claude#[default] #[fg=colour245](3m)#[default] 5h [#[fg=colour72]████#[fg=colour238]░░░░░░] #[fg=colour72]42%#[default] · weekly [#[fg=colour72]██#[fg=colour238]░░░░░░░░] #[fg=colour72]18%#[default]#[default]   #[fg=colour121,bold]Codex [stale]#[default] #[fg=colour245](3m)#[default] 5h [#[fg=colour72]███████#[fg=colour238]░░░] #[fg=colour72]71%#[default]#[default]#[default]
ladder|160	#[fg=colour121,bold]Claude#[default] #[fg=colour245](3m)#[default] 5h [#[fg=colour72]████#[fg=colour238]░░░░░░] #[fg=colour72]42%#[default] · weekly [#[fg=colour72]██#[fg=colour238]░░░░░░░░] #[fg=colour72]18%#[default]#[default]   #[fg=colour121,bold]Codex [stale]#[default] #[fg=colour245](3m)#[default] 5h [#[fg=colour72]███████#[fg=colour238]░░░] #[fg=colour72]71%#[default]#[default]#[default]
ladder|200	#[fg=colour121,bold]Claude#[default] #[fg=colour245](3m)#[default] 5h [#[fg=colour72]████#[fg=colour238]░░░░░░] #[fg=colour72]42%#[default] · weekly [#[fg=colour72]██#[fg=colour238]░░░░░░░░] #[fg=colour72]18%#[default]#[default]   #[fg=colour121,bold]Codex [stale]#[default] #[fg=colour245](3m)#[default] 5h [#[fg=colour72]███████#[fg=colour238]░░░] #[fg=colour72]71%#[default]#[default]#[default]
