installed|0	#[fg=colour121,bold]Claude#[default] #[fg=colour245](3m)#[default] 5h [#[fg=colour72]████#[fg=colour238]░░░░░░] #[fg=colour72]42%#[default] · weekly [#[fg=colour72]██#[fg=colour238]░░░░░░░░] #[fg=colour72]18%#[default]#[default]   #[fg=colour121,bold]Codex#[default] weekly [#[fg=colour72]██#[fg=colour238]░░░░░░░░] #[fg=colour72]20%#[default]#[default]   #[fg=colour121,bold]Antigravity#[default] #[fg=colour244](3d~~)#[default] weekly [#[fg=colour72]████#[fg=colour238]░░░░░░] #[fg=colour72]38%#[default]#[default]#[default]
installed|200	#[fg=colour121,bold]Claude#[default] #[fg=colour245](3m)#[default] 5h [#[fg=colour72]████#[fg=colour238]░░░░░░] #[fg=colour72]42%#[default] · weekly [#[fg=colour72]██#[fg=colour238]░░░░░░░░] #[fg=colour72]18%#[default]#[default]   #[fg=colour121,bold]Codex#[default] weekly [#[fg=colour72]██#[fg=colour238]░░░░░░░░] #[fg=colour72]20%#[default]#[default]   #[fg=colour121,bold]Antigravity#[default] #[fg=colour244](3d~~)#[default] weekly [#[fg=colour72]████#[fg=colour238]░░░░░░] #[fg=colour72]38%#[default]#[default]#[default]
installed|240	#[fg=colour121,bold]Claude#[default] #[fg=colour245](3m)#[default] 5h [#[fg=colour72]████#[fg=colour238]░░░░░░] #[fg=colour72]42%#[default] · weekly [#[fg=colour72]██#[fg=colour238]░░░░░░░░] #[fg=colour72]18%#[default]#[default]   #[fg=colour121,bold]Codex#[default] weekly [#[fg=colour72]██#[fg=colour238]░░░░░░░░] #[fg=colour72]20%#[default]#[default]   #[fg=colour121,bold]Antigravity#[default] #[fg=colour244](3d~~)#[default] weekly [#[fg=colour72]████#[fg=colour238]░░░░░░] #[fg=colour72]38%#[default]#[default]#[default]
installed|320	#[fg=colour121,bold]Claude#[default] #[fg=colour245](3m)#[default] 5h [#[fg=colour72]████#[fg=colour238]░░░░░░] #[fg=colour72]42%#[default] · weekly [#[fg=colour72]██#[fg=colour238]░░░░░░░░] #[fg=colour72]18%#[default]#[default]   #[fg=colour121,bold]Codex#[default] weekly [#[fg=colour72]██#[fg=colour238]░░░░░░░░] #[fg=colour72]20%#[default]#[default]   #[fg=colour121,bold]Antigravity#[default] #[fg=colour244](3d~~)#[default] weekly [#[fg=colour72]████#[fg=colour238]░░░░░░] #[fg=colour72]38%#[default]#[default]#[default]
dual-window|0	#[fg=colour121,bold]Claude#[default] #[fg=colour245](3m)#[default] 5h [#[fg=colour72]████#[fg=colour238]░░░░░░] #[fg=colour72]42%#[default] · weekly [#[fg=colour72]██#[fg=colour238]░░░░░░░░] #[fg=colour72]18%#[default]#[default]   #[fg=colour121,bold]Codex#[default] 5h [#[fg=colour72]███████#[fg=colour238]░░░] #[fg=colour72]71%#[default] · weekly [#[fg=colour72]██████#[fg=colour238]░░░░] #[fg=colour72]55%#[default]#[default]   #[fg=colour121,bold]Antigravity#[default] #[fg=colour245](6m)#[default] weekly [#[fg=colour72]████#[fg=colour238]░░░░░░] #[fg=colour72]38%#[default]#[default]#[default]
dual-window|200	#[fg=colour121,bold]Claude#[default] #[fg=colour245](3m)#[default] 5h [#[fg=colour72]████#[fg=colour238]░░░░░░] #[fg=colour72]42%#[default] · weekly [#[fg=colour72]██#[fg=colour238]░░░░░░░░] #[fg=colour72]18%#[default]#[default]   #[fg=colour121,bold]Codex#[default] 5h [#[fg=colour72]███████#[fg=colour238]░░░] #[fg=colour72]71%#[default] · weekly [#[fg=colour72]██████#[fg=colour238]░░░░] #[fg=colour72]55%#[default]#[default]   #[fg=colour121,bold]Antigravity#[default] #[fg=colour245](6m)#[default] weekly [#[fg=colour72]████#[fg=colour238]░░░░░░] #[fg=colour72]38%#[default]#[default]#[default]
dual-window|240	#[fg=colour121,bold]Claude#[default] #[fg=colour245](3m)#[default] 5h [#[fg=colour72]████#[fg=colour238]░░░░░░] #[fg=colour72]42%#[default] · weekly [#[fg=colour72]██#[fg=colour238]░░░░░░░░] #[fg=colour72]18%#[default]#[default]   #[fg=colour121,bold]Codex#[default] 5h [#[fg=colour72]███████#[fg=colour238]░░░] #[fg=colour72]71%#[default] · weekly [#[fg=colour72]██████#[fg=colour238]░░░░] #[fg=colour72]55%#[default]#[default]   #[fg=colour121,bold]Antigravity#[default] #[fg=colour245](6m)#[default] weekly [#[fg=colour72]████#[fg=colour238]░░░░░░] #[fg=colour72]38%#[default]#[default]#[default]
dual-window|320	#[fg=colour121,bold]Claude#[default] #[fg=colour245](3m)#[default] 5h [#[fg=colour72]████#[fg=colour238]░░░░░░] #[fg=colour72]42%#[default] · weekly [#[fg=colour72]██#[fg=colour238]░░░░░░░░] #[fg=colour72]18%#[default]#[default]   #[fg=colour121,bold]Codex#[default] 5h [#[fg=colour72]███████#[fg=colour238]░░░] #[fg=colour72]71%#[default] · weekly [#[fg=colour72]██████#[fg=colour238]░░░░] #[fg=colour72]55%#[default]#[default]   #[fg=colour121,bold]Antigravity#[default] #[fg=colour245](6m)#[default] weekly [#[fg=colour72]████#[fg=colour238]░░░░░░] #[fg=colour72]38%#[default]#[default]#[default]
mixed-staleness|0	#[fg=colour121,bold]Claude#[default] #[fg=colour245](3m)#[default] 5h [#[fg=colour72]████#[fg=colour238]░░░░░░] #[fg=colour72]42%#[default] · weekly [#[fg=colour72]██#[fg=colour238]░░░░░░░░] #[fg=colour72]18%#[default]#[default]   #[fg=colour121,bold]Codex#[default] 5h [#[fg=colour72]███████#[fg=colour238]░░░] #[fg=colour72]71%#[default] · weekly [#[fg=colour72]██████#[fg=colour238]░░░░] #[fg=colour72]55%#[default]#[default]   #[fg=colour121,bold]Antigravity#[default] #[fg=colour244](3d~~)#[default] weekly [#[fg=colour72]████#[fg=colour238]░░░░░░] #[fg=colour72]38%#[default]#[default]#[default]
mixed-staleness|200	#[fg=colour121,bold]Claude#[default] #[fg=colour245](3m)#[default] 5h [#[fg=colour72]████#[fg=colour238]░░░░░░] #[fg=colour72]42%#[default] · weekly [#[fg=colour72]██#[fg=colour238]░░░░░░░░] #[fg=colour72]18%#[default]#[default]   #[fg=colour121,bold]Codex#[default] 5h [#[fg=colour72]███████#[fg=colour238]░░░] #[fg=colour72]71%#[default] · weekly [#[fg=colour72]██████#[fg=colour238]░░░░] #[fg=colour72]55%#[default]#[default]   #[fg=colour121,bold]Antigravity#[default] #[fg=colour244](3d~~)#[default] weekly [#[fg=colour72]████#[fg=colour238]░░░░░░] #[fg=colour72]38%#[default]#[default]#[default]
mixed-staleness|240	#[fg=colour121,bold]Claude#[default] #[fg=colour245](3m)#[default] 5h [#[fg=colour72]████#[fg=colour238]░░░░░░] #[fg=colour72]42%#[default] · weekly [#[fg=colour72]██#[fg=colour238]░░░░░░░░] #[fg=colour72]18%#[default]#[default]   #[fg=colour121,bold]Codex#[default] 5h [#[fg=colour72]███████#[fg=colour238]░░░] #[fg=colour72]71%#[default] · weekly [#[fg=colour72]██████#[fg=colour238]░░░░] #[fg=colour72]55%#[default]#[default]   #[fg=colour121,bold]Antigravity#[default] #[fg=colour244](3d~~)#[default] weekly [#[fg=colour72]████#[fg=colour238]░░░░░░] #[fg=colour72]38%#[default]#[default]#[default]
mixed-staleness|320	#[fg=colour121,bold]Claude#[default] #[fg=colour245](3m)#[default] 5h [#[fg=colour72]████#[fg=colour238]░░░░░░] #[fg=colour72]42%#[default] · weekly [#[fg=colour72]██#[fg=colour238]░░░░░░░░] #[fg=colour72]18%#[default]#[default]   #[fg=colour121,bold]Codex#[default] 5h [#[fg=colour72]███████#[fg=colour238]░░░] #[fg=colour72]71%#[default] · weekly [#[fg=colour72]██████#[fg=colour238]░░░░] #[fg=colour72]55%#[default]#[default]   #[fg=colour121,bold]Antigravity#[default] #[fg=colour244](3d~~)#[default] weekly [#[fg=colour72]████#[fg=colour238]░░░░░░] #[fg=colour72]38%#[default]#[default]#[default]
