trio|40|fresh	C 5h:42% weekly:18%   X 5h:71%   A week…
trio|40|stale	C 5h:42% weekly:18%   X 5h:71%   A~ wee…
trio|40|very-stale	C 5h:42% weekly:18%   X 5h:71%   A~~ we…
trio|60|fresh	C 5h:42% weekly:18%   X 5h:71%   A weekly:38%
trio|60|stale	C 5h:42% weekly:18%   X 5h:71%   A~ weekly:38%
trio|60|very-stale	C 5h:42% weekly:18%   X 5h:71%   A~~ weekly:38%
trio|80|fresh	Claude 5h:42% weekly:18%   Codex 5h:71%   Antigravity weekly:38%
trio|80|stale	Claude 5h:42% weekly:18%   Codex 5h:71%   Antigravity~ weekly:38%
trio|80|very-stale	Claude 5h:42% weekly:18%   Codex 5h:71%   Antigravity~~ weekly:38%
trio|120|fresh	#[fg=colour121,bold]Claude#[default] 5h [#[fg=colour72]████#[fg=colour238]░░░░░░] #[fg=colour72]42%#[default] · weekly [#[fg=colour72]██#[fg=colour238]░░░░░░░░] #[fg=colour72]18%#[default]#[default]   #[fg=colour121,bold]Codex#[default] 5h [#[fg=colour72]███████#[fg=colour238]░░░] #[fg=colour72]71%#[default]#[default]   #[fg=colour121,bold]Antigravity#[default] weekly [#[fg=colour72]████#[fg=colour238]░░░░░░] #[fg=colour72]38%#[default]#[default]#[default]
trio|120|stale	#[fg=colour121,bold]Claude#[default] 5h [#[fg=colour72]████#[fg=colour238]░░░░░░] #[fg=colour72]42%#[default] · weekly [#[fg=colour72]██#[fg=colour238]░░░░░░░░] #[fg=colour72]18%#[default]#[default]   #[fg=colour121,bold]Codex#[default] 5h [#[fg=colour72]███████#[fg=colour238]░░░] #[fg=colour72]71%#[default]#[default]   #[fg=colour121,bold]Antigravity#[default]#[fg=colour244]~#[default] weekly [#[fg=colour72]████#[fg=colour238]░░░░░░] #[fg=colour72]38%#[default]#[default]#[default]
trio|120|very-stale	#[fg=colour121,bold]Claude#[default] 5h [#[fg=colour72]████#[fg=colour238]░░░░░░] #[fg=colour72]42%#[default] · weekly [#[fg=colour72]██#[fg=colour238]░░░░░░░░] #[fg=colour72]18%#[default]#[default]   #[fg=colour121,bold]Codex#[default] 5h [#[fg=colour72]███████#[fg=colour238]░░░] #[fg=colour72]71%#[default]#[default]   #[fg=colour121,bold]Antigravity#[default]#[fg=colour244]~~#[default] weekly [#[fg=colour72]████#[fg=colour238]░░░░░░] #[fg=colour72]38%#[default]#[default]#[default]
trio|160|fresh	#[fg=colour121,bold]Claude#[default] #[fg=colour245](3m)#[default] 5h [#[fg=colour72]████#[fg=colour238]░░░░░░] #[fg=colour72]42%#[default] · weekly [#[fg=colour72]██#[fg=colour238]░░░░░░░░] #[fg=colour72]18%#[default]#[default]   #[fg=colour121,bold]Codex#[default] 5h [#[fg=colour72]███████#[fg=colour238]░░░] #[fg=colour72]71%#[default]#[default]   #[fg=colour121,bold]Antigravity#[default] #[fg=colour245](3m)#[default] weekly [#[fg=colour72]████#[fg=colour238]░░░░░░] #[fg=colour72]38%#[default]#[default]#[default]
trio|160|stale	#[fg=colour121,bold]Claude#[default] #[fg=colour245](3m)#[default] 5h [#[fg=colour72]████#[fg=colour238]░░░░░░] #[fg=colour72]42%#[default] · weekly [#[fg=colour72]██#[fg=colour238]░░░░░░░░] #[fg=colour72]18%#[default]#[default]   #[fg=colour121,bold]Codex#[default] 5h [#[fg=colour72]███████#[fg=colour238]░░░] #[fg=colour72]71%#[default]#[default]   #[fg=colour121,bold]Antigravity#[default] #[fg=colour244](15m~)#[default] weekly [#[fg=colour72]████#[fg=colour238]░░░░░░] #[fg=colour72]38%#[default]#[default]#[default]
trio|160|very-stale	#[fg=colour121,bold]Claude#[default] #[fg=colour245](3m)#[default] 5h [#[fg=colour72]████#[fg=colour238]░░░░░░] #[fg=colour72]42%#[default] · weekly [#[fg=colour72]██#[fg=colour238]░░░░░░░░] #[fg=colour72]18%#[default]#[default]   #[fg=colour121,bold]Codex#[default] 5h [#[fg=colour72]███████#[fg=colour238]░░░] #[fg=colour72]71%#[default]#[default]   #[fg=colour121,bold]Antigravity#[default] #[fg=colour244](3d~~)#[default] weekly [#[fg=colour72]████#[fg=colour238]░░░░░░] #[fg=colour72]38%#[default]#[default]#[default]
installed|40|fresh	C 5h:42% weekly:18%   X weekly:20%   A …
installed|40|stale	C 5h:42% weekly:18%   X weekly:20%   A~…
installed|40|very-stale	C 5h:42% weekly:18%   X weekly:20%   A~…
installed|60|fresh	C 5h:42% weekly:18%   X weekly:20%   A weekly:38%
installed|60|stale	C 5h:42% weekly:18%   X weekly:20%   A~ weekly:38%
installed|60|very-stale	C 5h:42% weekly:18%   X weekly:20%   A~~ weekly:38%
installed|80|fresh	Claude 5h:42% weekly:18%   Codex weekly:20%   Antigravity weekly:38%
installed|80|stale	Claude 5h:42% weekly:18%   Codex weekly:20%   Antigravity~ weekly:38%
installed|80|very-stale	Claude 5h:42% weekly:18%   Codex weekly:20%   Antigravity~~ weekly:38%
installed|120|fresh	#[fg=colour121,bold]Claude#[default] 5h [#[fg=colour72]████#[fg=colour238]░░░░░░] #[fg=colour72]42%#[default]#[default]   #[fg=colour121,bold]Codex#[default] weekly [#[fg=colour72]██#[fg=colour238]░░░░░░░░] #[fg=colour72]20%#[default]#[default]   #[fg=colour121,bold]Antigravity#[default] weekly [#[fg=colour72]████#[fg=colour238]░░░░░░] #[fg=colour72]38%#[default]#[default]#[default]
installed|120|stale	#[fg=colour121,bold]Claude#[default] 5h [#[fg=colour72]████#[fg=colour238]░░░░░░] #[fg=colour72]42%#[default]#[default]   #[fg=colour121,bold]Codex#[default] weekly [#[fg=colour72]██#[fg=colour238]░░░░░░░░] #[fg=colour72]20%#[default]#[default]   #[fg=colour121,bold]Antigravity#[default]#[fg=colour244]~#[default] weekly [#[fg=colour72]████#[fg=colour238]░░░░░░] #[fg=colour72]38%#[default]#[default]#[default]
installed|120|very-stale	#[fg=colour121,bold]Claude#[default] 5h [#[fg=colour72]████#[fg=colour238]░░░░░░] #[fg=colour72]42%#[default]#[default]   #[fg=colour121,bold]Codex#[default] weekly [#[fg=colour72]██#[fg=colour238]░░░░░░░░] #[fg=colour72]20%#[default]#[default]   #[fg=colour121,bold]Antigravity#[default]#[fg=colour244]~~#[default] weekly [#[fg=colour72]████#[fg=colour238]░░░░░░] #[fg=colour72]38%#[default]#[default]#[default]
installed|160|fresh	#[fg=colour121,bold]Claude#[default] #[fg=colour245](3m)#[default] 5h [#[fg=colour72]████#[fg=colour238]░░░░░░] #[fg=colour72]42%#[default] · weekly [#[fg=colour72]██#[fg=colour238]░░░░░░░░] #[fg=colour72]18%#[default]#[default]   #[fg=colour121,bold]Codex#[default] weekly [#[fg=colour72]██#[fg=colour238]░░░░░░░░] #[fg=colour72]20%#[default]#[default]   #[fg=colour121,bold]Antigravity#[default] #[fg=colour245](3m)#[default] weekly [#[fg=colour72]████#[fg=colour238]░░░░░░] #[fg=colour72]38%#[default]#[default]#[default]
installed|160|stale	#[fg=colour121,bold]Claude#[default] #[fg=colour245](3m)#[default] 5h [#[fg=colour72]████#[fg=colour238]░░░░░░] #[fg=colour72]42%#[default] · weekly [#[fg=colour72]██#[fg=colour238]░░░░░░░░] #[fg=colour72]18%#[default]#[default]   #[fg=colour121,bold]Codex#[default] weekly [#[fg=colour72]██#[fg=colour238]░░░░░░░░] #[fg=colour72]20%#[default]#[default]   #[fg=colour121,bold]Antigravity#[default] #[fg=colour244](15m~)#[default] weekly [#[fg=colour72]████#[fg=colour238]░░░░░░] #[fg=colour72]38%#[default]#[default]#[default]
installed|160|very-stale	#[fg=colour121,bold]Claude#[default] #[fg=colour245](3m)#[default] 5h [#[fg=colour72]████#[fg=colour238]░░░░░░] #[fg=colour72]42%#[default] · weekly [#[fg=colour72]██#[fg=colour238]░░░░░░░░] #[fg=colour72]18%#[default]#[default]   #[fg=colour121,bold]Codex#[default] weekly [#[fg=colour72]██#[fg=colour238]░░░░░░░░] #[fg=colour72]20%#[default]#[default]   #[fg=colour121,bold]Antigravity#[default] #[fg=colour244](3d~~)#[default] weekly [#[fg=colour72]████#[fg=colour238]░░░░░░] #[fg=colour72]38%#[default]#[default]#[default]
