#[fg=colour121,bold]Claude#[default] #[fg=colour244](3h~~)#[default] 5h [#[fg=colour72]████#[fg=colour238]░░░░░░] #[fg=colour72]42%#[default] · weekly [#[fg=colour72]██#[fg=colour238]░░░░░░░░] #[fg=colour72]18%#[default]#[default]   #[fg=colour121,bold]Codex#[default] 5h [#[fg=colour72]███████#[fg=colour238]░░░] #[fg=colour72]71%#[default]#[default]#[default]