ladder|40|fresh	C 5h:42% weekly:18%   X [stale] 5h:71%
ladder|40|stale	C 5h:42% weekly:18%   X [stale]~ 5h:71%
ladder|40|very-stale	C 5h:42% weekly:18%   X [stale]~~ 5h:71%
ladder|60|fresh	Claude 5h:42% weekly:18%   Codex [stale] 5h:71%
ladder|60|stale	Claude 5h:42% weekly:18%   Codex [stale]~ 5h:71%
ladder|60|very-stale	Claude 5h:42% weekly:18%   Codex [stale]~~ 5h:71%
ladder|100|fresh	#[fg=colour121,bold]Claude#[default] #[fg=colour245](3m)#[default] 5h [#[fg=colour72]████#[fg=colour238]░░░░░░] #[fg=colour72]42%#[default] · weekly [#[fg=colour72]██#[fg=colour238]░░░░░░░░] #[fg=colour72]18%#[default]#[default]   #[fg=colour121,bold]Codex [stale]#[default] #[fg=colour245](3m)#[default] 5h [#[fg=colour72]███████#[fg=colour238]░░░] #[fg=colour72]71%#[default]#[default]#[default]
ladder|100|stale	#[fg=colour121,bold]Claude#[default] #[fg=colour245](3m)#[default] 5h [#[fg=colour72]████#[fg=colour238]░░░░░░] #[fg=colour72]42%#[default] · weekly [#[fg=colour72]██#[fg=colour238]░░░░░░░░] #[fg=colour72]18%#[default]#[default]   #[fg=colour121,bold]Codex [stale]#[default] #[fg=colour244](15m~)#[default] 5h [#[fg=colour72]███████#[fg=colour238]░░░] #[fg=colour72]71%#[default]#[default]#[default]
ladder|100|very-stale	#[fg=colour121,bold]Claude#[default] #[fg=colour245](3m)#[default] 5h [#[fg=colour72]████#[fg=colour238]░░░░░░] #[fg=colour72]42%#[default] · weekly [#[fg=colour72]██#[fg=colour238]░░░░░░░░] #[fg=colour72]18%#[default]#[default]   #[fg=colour121,bold]Codex [stale]#[default] #[fg=colour244](3d~~)#[default] 5h [#[fg=colour72]███████#[fg=colour238]░░░] #[fg=colour72]71%#[default]#[default]#[default]
ladder|120|fresh	#[fg=colour121,bold]Claude#[default] #[fg=colour245](3m)#[default] 5h [#[fg=colour72]████#[fg=colour238]░░░░░░] #[fg=colour72]42%#[default] · weekly [#[fg=colour72]██#[fg=colour238]░░░░░░░░] #[fg=colour72]18%#[default]#[default]   #[fg=colour121,bold]Codex [stale]#[default] #[fg=colour245](3m)#[default] 5h [#[fg=colour72]███████#[fg=colour238]░░░] #[fg=colour72]71%#[default]#[default]#[default]
ladder|120|stale	#[fg=colour121,bold]Claude#[default] #[fg=colour245](3m)#[default] 5h [#[fg=colour72]████#[fg=colour238]░░░░░░] #[fg=colour72]42%#[default] · weekly [#[fg=colour72]██#[fg=colour238]░░░░░░░░] #[fg=colour72]18%#[default]#[default]   #[fg=colour121,bold]Codex [stale]#[default] #[fg=colour244](15m~)#[default] 5h [#[fg=colour72]███████#[fg=colour238]░░░] #[fg=colour72]71%#[default]#[default]#[default]
ladder|120|very-stale	#[fg=colour121,bold]Claude#[default] #[fg=colour245](3m)#[default] 5h [#[fg=colour72]████#[fg=colour238]░░░░░░] #[fg=colour72]42%#[default] · weekly [#[fg=colour72]██#[fg=colour238]░░░░░░░░] #[fg=colour72]18%#[default]#[default]   #[fg=colour121,bold]Codex [stale]#[default] #[fg=colour244](3d~~)#[default] 5h [#[fg=colour72]███████#[fg=colour238]░░░] #[fg=colour72]71%#[default]#[default]#[default]
ladder|140|fresh	#[fg=colour121,bold]Claude#[default] #[fg=colour245](3m)#[default] 5h [#[fg=colour72]████#[fg=colour238]░░░░░░] #[fg=colour72]42%#[default] · weekly [#[fg=colour72]██#[fg=colour238]░░░░░░░░] #[fg=colour72]18%#[default]#[default]   #[fg=colour121,bold]Codex [stale]#[default] #[fg=colour245](3m)#[default] 5h [#[fg=colour72]███████#[fg=colour238]░░░] #[fg=colour72]71%#[default]#[default]#[default]
ladder|140|stale	#[fg=colour121,bold]Claude#[default] #[fg=colour245](3m)#[default] 5h [#[fg=colour72]████#[fg=colour238]░░░░░░] #[fg=colour72]42%#[default] · weekly [#[fg=colour72]██#[fg=colour238]░░░░░░░░] #[fg=colour72]18%#[default]#[default]   #[fg=colour121,bold]Codex [stale]#[default] #[fg=colour244](15m~)#[default] 5h [#[fg=colour72]███████#[fg=colour238]░░░] #[fg=colour72]71%#[default]#[default]#[default]
ladder|140|very-stale	#[fg=colour121,bold]Claude#[default] #[fg=colour245](3m)#[default] 5h [#[fg=colour72]████#[fg=colour238]░░░░░░] #[fg=colour72]42%#[default] · weekly [#[fg=colour72]██#[fg=colour238]░░░░░░░░] #[fg=colour72]18%#[default]#[default]   #[fg=colour121,bold]Codex [stale]#[default] #[fg=colour244](3d~~)#[default] 5h [#[fg=colour72]███████#[fg=colour238]░░░] #[fg=colour72]71%#[default]#[default]#[default]
ladder|160|fresh	#[fg=colour121,bold]Claude#[default] #[fg=colour245](3m)#[default] 5h [#[fg=colour72]████#[fg=colour238]░░░░░░] #[fg=colour72]42%#[default] · weekly [#[fg=colour72]██#[fg=colour238]░░░░░░░░] #[fg=colour72]18%#[default]#[default]   #[fg=colour121,bold]Codex [stale]#[default] #[fg=colour245](3m)#[default] 5h [#[fg=colour72]███████#[fg=colour238]░░░] #[fg=colour72]71%#[default]#[default]#[default]
ladder|160|stale	#[fg=colour121,bold]Claude#[default] #[fg=colour245](3m)#[default] 5h [#[fg=colour72]████#[fg=colour238]░░░░░░] #[fg=colour72]42%#[default] · weekly [#[fg=colour72]██#[fg=colour238]░░░░░░░░] #[fg=colour72]18%#[default]#[default]   #[fg=colour121,bold]Codex [stale]#[default] #[fg=colour244](15m~)#[default] 5h [#[fg=colour72]███████#[fg=colour238]░░░] #[fg=colour72]71%#[default]#[default]#[default]
ladder|160|very-stale	#[fg=colour121,bold]Claude#[default] #[fg=colour245](3m)#[default] 5h [#[fg=colour72]████#[fg=colour238]░░░░░░] #[fg=colour72]42%#[default] · weekly [#[fg=colour72]██#[fg=colour238]░░░░░░░░] #[fg=colour72]18%#[default]#[default]   #[fg=colour121,bold]Codex [stale]#[default] #[fg=colour244](3d~~)#[default] 5h [#[fg=colour72]███████#[fg=colour238]░░░] #[fg=colour72]71%#[default]#[default]#[default]
installed|40|fresh	C 5h:42% weekly:18%   X [stale] weekly:…
installed|40|stale	C 5h:42% weekly:18%   X [stale]~ weekly…
installed|40|very-stale	C 5h:42% weekly:18%   X [stale]~~ weekl…
installed|60|fresh	Claude 5h:42% weekly:18%   Codex [stale] weekly:38%
installed|60|stale	Claude 5h:42% weekly:18%   Codex [stale]~ weekly:38%
installed|60|very-stale	Claude 5h:42% weekly:18%   Codex [stale]~~ weekly:38%
installed|100|fresh	#[fg=colour121,bold]Claude#[default] #[fg=colour245](3m)#[default] 5h [#[fg=colour72]████#[fg=colour238]░░░░░░] #[fg=colour72]42%#[default] · weekly [#[fg=colour72]██#[fg=colour238]░░░░░░░░] #[fg=colour72]18%#[default]#[default]   #[fg=colour121,bold]Codex [stale]#[default] weekly [#[fg=colour72]████#[fg=colour238]░░░░░░] #[fg=colour72]38%#[default]#[default]#[default]
installed|100|stale	#[fg=colour121,bold]Claude#[default] 5h [#[fg=colour72]████#[fg=colour238]░░░░░░] #[fg=colour72]42%#[default] · weekly [#[fg=colour72]██#[fg=colour238]░░░░░░░░] #[fg=colour72]18%#[default]#[default]   #[fg=colour121,bold]Codex [stale]#[default] #[fg=colour244](15m~)#[default] weekly [#[fg=colour72]████#[fg=colour238]░░░░░░] #[fg=colour72]38%#[default]#[default]#[default]
installed|100|very-stale	#[fg=colour121,bold]Claude#[default] 5h [#[fg=colour72]████#[fg=colour238]░░░░░░] #[fg=colour72]42%#[default] · weekly [#[fg=colour72]██#[fg=colour238]░░░░░░░░] #[fg=colour72]18%#[default]#[default]   #[fg=colour121,bold]Codex [stale]#[default] #[fg=colour244](3d~~)#[default] weekly [#[fg=colour72]████#[fg=colour238]░░░░░░] #[fg=colour72]38%#[default]#[default]#[default]
installed|120|fresh	#[fg=colour121,bold]Claude#[default] #[fg=colour245](3m)#[default] 5h [#[fg=colour72]████#[fg=colour238]░░░░░░] #[fg=colour72]42%#[default] · weekly [#[fg=colour72]██#[fg=colour238]░░░░░░░░] #[fg=colour72]18%#[default]#[default]   #[fg=colour121,bold]Codex [stale]#[default] #[fg=colour245](3m)#[default] weekly [#[fg=colour72]████#[fg=colour238]░░░░░░] #[fg=colour72]38%#[default]#[default]#[default]
installed|120|stale	#[fg=colour121,bold]Claude#[default] #[fg=colour245](3m)#[default] 5h [#[fg=colour72]████#[fg=colour238]░░░░░░] #[fg=colour72]42%#[default] · weekly [#[fg=colour72]██#[fg=colour238]░░░░░░░░] #[fg=colour72]18%#[default]#[default]   #[fg=colour121,bold]Codex [stale]#[default] #[fg=colour244](15m~)#[default] weekly [#[fg=colour72]████#[fg=colour238]░░░░░░] #[fg=colour72]38%#[default]#[default]#[default]
installed|120|very-stale	#[fg=colour121,bold]Claude#[default] #[fg=colour245](3m)#[default] 5h [#[fg=colour72]████#[fg=colour238]░░░░░░] #[fg=colour72]42%#[default] · weekly [#[fg=colour72]██#[fg=colour238]░░░░░░░░] #[fg=colour72]18%#[default]#[default]   #[fg=colour121,bold]Codex [stale]#[default] #[fg=colour244](3d~~)#[default] weekly [#[fg=colour72]████#[fg=colour238]░░░░░░] #[fg=colour72]38%#[default]#[default]#[default]
installed|140|fresh	#[fg=colour121,bold]Claude#[default] #[fg=colour245](3m)#[default] 5h [#[fg=colour72]████#[fg=colour238]░░░░░░] #[fg=colour72]42%#[default] · weekly [#[fg=colour72]██#[fg=colour238]░░░░░░░░] #[fg=colour72]18%#[default]#[default]   #[fg=colour121,bold]Codex [stale]#[default] #[fg=colour245](3m)#[default] weekly [#[fg=colour72]████#[fg=colour238]░░░░░░] #[fg=colour72]38%#[default]#[default]#[default]
installed|140|stale	#[fg=colour121,bold]Claude#[default] #[fg=colour245](3m)#[default] 5h [#[fg=colour72]████#[fg=colour238]░░░░░░] #[fg=colour72]42%#[default] · weekly [#[fg=colour72]██#[fg=colour238]░░░░░░░░] #[fg=colour72]18%#[default]#[default]   #[fg=colour121,bold]Codex [stale]#[default] #[fg=colour244](15m~)#[default] weekly [#[fg=colour72]████#[fg=colour238]░░░░░░] #[fg=colour72]38%#[default]#[default]#[default]
installed|140|very-stale	#[fg=colour121,bold]Claude#[default] #[fg=colour245](3m)#[default] 5h [#[fg=colour72]████#[fg=colour238]░░░░░░] #[fg=colour72]42%#[default] · weekly [#[fg=colour72]██#[fg=colour238]░░░░░░░░] #[fg=colour72]18%#[default]#[default]   #[fg=colour121,bold]Codex [stale]#[default] #[fg=colour244](3d~~)#[default] weekly [#[fg=colour72]████#[fg=colour238]░░░░░░] #[fg=colour72]38%#[default]#[default]#[default]
installed|160|fresh	#[fg=colour121,bold]Claude#[default] #[fg=colour245](3m)#[default] 5h [#[fg=colour72]████#[fg=colour238]░░░░░░] #[fg=colour72]42%#[default] · weekly [#[fg=colour72]██#[fg=colour238]░░░░░░░░] #[fg=colour72]18%#[default]#[default]   #[fg=colour121,bold]Codex [stale]#[default] #[fg=colour245](3m)#[default] weekly [#[fg=colour72]████#[fg=colour238]░░░░░░] #[fg=colour72]38%#[default]#[default]#[default]
installed|160|stale	#[fg=colour121,bold]Claude#[default] #[fg=colour245](3m)#[default] 5h [#[fg=colour72]████#[fg=colour238]░░░░░░] #[fg=colour72]42%#[default] · weekly [#[fg=colour72]██#[fg=colour238]░░░░░░░░] #[fg=colour72]18%#[default]#[default]   #[fg=colour121,bold]Codex [stale]#[default] #[fg=colour244](15m~)#[default] weekly [#[fg=colour72]████#[fg=colour238]░░░░░░] #[fg=colour72]38%#[default]#[default]#[default]
installed|160|very-stale	#[fg=colour121,bold]Claude#[default] #[fg=colour245](3m)#[default] 5h [#[fg=colour72]████#[fg=colour238]░░░░░░] #[fg=colour72]42%#[default] · weekly [#[fg=colour72]██#[fg=colour238]░░░░░░░░] #[fg=colour72]18%#[default]#[default]   #[fg=colour121,bold]Codex [stale]#[default] #[fg=colour244](3d~~)#[default] weekly [#[fg=colour72]████#[fg=colour238]░░░░░░] #[fg=colour72]38%#[default]#[default]#[default]
