pair|0	#[fg=colour121,bold]Claude#[default] #[fg=colour245](3m)#[default] 5h [#[fg=colour72]████#[fg=colour238]░░░░░░] #[fg=colour72]42%#[default] · weekly [#[fg=colour72]██#[fg=colour238]░░░░░░░░] #[fg=colour72]18%#[default]#[default]   #[fg=colour121,bold]Codex#[default] 5h [#[fg=colour72]███████#[fg=colour238]░░░] #[fg=colour72]71%#[default]#[default]#[default]
pair|40	Claude 5h:42% weekly:18%   Codex 5h:71%
pair|50	Claude 5h:42% weekly:18%   Codex 5h:71%
pair|60	#[fg=colour121,bold]Claude#[default] 5h [#[fg=colour72]████#[fg=colour238]░░░░░░] #[fg=colour72]42%#[default]#[default]   #[fg=colour121,bold]Codex#[default] 5h [#[fg=colour72]███████#[fg=colour238]░░░] #[fg=colour72]71%#[default]#[default]#[default]
pair|80	#[fg=colour121,bold]Claude#[default] 5h [#[fg=colour72]████#[fg=colour238]░░░░░░] #[fg=colour72]42%#[default] · weekly [#[fg=colour72]██#[fg=colour238]░░░░░░░░] #[fg=colour72]18%#[default]#[default]   #[fg=colour121,bold]Codex#[default] 5h [#[fg=colour72]███████#[fg=colour238]░░░] #[fg=colour72]71%#[default]#[default]#[default]
pair|100	#[fg=colour121,bold]Claude#[default] #[fg=colour245](3m)#[default] 5h [#[fg=colour72]████#[fg=colour238]░░░░░░] #[fg=colour72]42%#[default] · weekly [#[fg=colour72]██#[fg=colour238]░░░░░░░░] #[fg=colour72]18%#[default]#[default]   #[fg=colour121,bold]Codex#[default] 5h [#[fg=colour72]███████#[fg=colour238]░░░] #[fg=colour72]71%#[default]#[default]#[default]
pair|120	#[fg=colour121,bold]Claude#[default] #[fg=colour245](3m)#[default] 5h [#[fg=colour72]████#[fg=colour238]░░░░░░] #[fg=colour72]42%#[default] · weekly [#[fg=colour72]██#[fg=colour238]░░░░░░░░] #[fg=colour72]18%#[default]#[default]   #[fg=colour121,bold]Codex#[default] 5h [#[fg=colour72]███████#[fg=colour238]░░░] #[fg=colour72]71%#[default]#[default]#[default]
pair|160	#[fg=colour121,bold]Claude#[default] #[fg=colour245](3m)#[default] 5h [#[fg=colour72]████#[fg=colour238]░░░░░░] #[fg=colour72]42%#[default] · weekly [#[fg=colour72]██#[fg=colour238]░░░░░░░░] #[fg=colour72]18%#[default]#[default]   #[fg=colour121,bold]Codex#[default] 5h [#[fg=colour72]███████#[fg=colour238]░░░] #[fg=colour72]71%#[default]#[default]#[default]
pair|200	#[fg=colour121,bold]Claude#[default] #[fg=colour245](3m)#[default] 5h [#[fg=colour72]████#[fg=colour238]░░░░░░] #[fg=colour72]42%#[default] · weekly [#[fg=colour72]██#[fg=colour238]░░░░░░░░] #[fg=colour72]18%#[default]#[default]   #[fg=colour121,bold]Codex#[default] 5h [#[fg=colour72]███████#[fg=colour238]░░░] #[fg=colour72]71%#[default]#[default]#[default]
trio|0	#[fg=colour121,bold]Claude#[default] #[fg=colour245](3m)#[default] 5h [#[fg=colour72]████#[fg=colour238]░░░░░░] #[fg=colour72]42%#[default] · weekly [#[fg=colour72]██#[fg=colour238]░░░░░░░░] #[fg=colour72]18%#[default]#[default]   #[fg=colour121,bold]Codex#[default] 5h [#[fg=colour72]███████#[fg=colour238]░░░] #[fg=colour72]71%#[default]#[default]   #[fg=colour121,bold]Antigravity#[default] #[fg=colour245](3m)#[default] weekly [#[fg=colour72]████#[fg=colour238]░░░░░░] #[fg=colour72]38%#[default]#[default]#[default]
trio|40	C 5h:42% weekly:18%   X 5h:71%   A week…
trio|50	C 5h:42% weekly:18%   X 5h:71%   A weekly:38%
trio|60	C 5h:42% weekly:18%   X 5h:71%   A weekly:38%
trio|80	Claude 5h:42% weekly:18%   Codex 5h:71%   Antigravity weekly:38%
trio|100	#[fg=colour121,bold]Claude#[default] 5h [#[fg=colour72]████#[fg=colour238]░░░░░░] #[fg=colour72]42%#[default]#[default]   #[fg=colour121,bold]Codex#[default] 5h [#[fg=colour72]███████#[fg=colour238]░░░] #[fg=colour72]71%#[default]#[default]   #[fg=colour121,bold]Antigravity#[default] weekly [#[fg=colour72]████#[fg=colour238]░░░░░░] #[fg=colour72]38%#[default]#[default]#[default]
trio|120	#[fg=colour121,bold]Claude#[default] 5h [#[fg=colour72]████#[fg=colour238]░░░░░░] #[fg=colour72]42%#[default] · weekly [#[fg=colour72]██#[fg=colour238]░░░░░░░░] #[fg=colour72]18%#[default]#[default]   #[fg=colour121,bold]Codex#[default] 5h [#[fg=colour72]███████#[fg=colour238]░░░] #[fg=colour72]71%#[default]#[default]   #[fg=colour121,bold]Antigravity#[default] weekly [#[fg=colour72]████#[fg=colour238]░░░░░░] #[fg=colour72]38%#[default]#[default]#[default]
trio|160	#[fg=colour121,bold]Claude#[default] #[fg=colour245](3m)#[default] 5h [#[fg=colour72]████#[fg=colour238]░░░░░░] #[fg=colour72]42%#[default] · weekly [#[fg=colour72]██#[fg=colour238]░░░░░░░░] #[fg=colour72]18%#[default]#[default]   #[fg=colour121,bold]Codex#[default] 5h [#[fg=colour72]███████#[fg=colour238]░░░] #[fg=colour72]71%#[default]#[default]   #[fg=colour121,bold]Antigravity#[default] #[fg=colour245](3m)#[default] weekly [#[fg=colour72]████#[fg=colour238]░░░░░░] #[fg=colour72]38%#[default]#[default]#[default]
trio|200	#[fg=colour121,bold]Claude#[default] #[fg=colour245](3m)#[default] 5h [#[fg=colour72]████#[fg=colour238]░░░░░░] #[fg=colour72]42%#[default] · weekly [#[fg=colour72]██#[fg=colour238]░░░░░░░░] #[fg=colour72]18%#[default]#[default]   #[fg=colour121,bold]Codex#[default] 5h [#[fg=colour72]███████#[fg=colour238]░░░] #[fg=colour72]71%#[default]#[default]   #[fg=colour121,bold]Antigravity#[default] #[fg=colour245](3m)#[default] weekly [#[fg=colour72]████#[fg=colour238]░░░░░░] #[fg=colour72]38%#[default]#[default]#[default]
