root use="projmux" disableFlagParsing=true silenceUsage=true silenceErrors=true disableSuggestions=true completionDisabled=true
agent hidden=false disableFlagParsing=true args=true children=0
ai hidden=false disableFlagParsing=true args=true children=0
attach hidden=false disableFlagParsing=true args=true children=0
attention hidden=false disableFlagParsing=true args=true children=0
create hidden=false disableFlagParsing=true args=true children=0
current hidden=false disableFlagParsing=true args=true children=0
delete hidden=false disableFlagParsing=true args=true children=0
describe hidden=false disableFlagParsing=true args=true children=0
diagnostics hidden=false disableFlagParsing=true args=true children=0
doctor hidden=false disableFlagParsing=true args=true children=0
focus hidden=false disableFlagParsing=true args=true children=0
get hidden=false disableFlagParsing=true args=true children=0
help hidden=false disableFlagParsing=true args=true children=0
hook hidden=false disableFlagParsing=true args=true children=0
internal hidden=true disableFlagParsing=true args=true children=0
key-broker hidden=true disableFlagParsing=true args=true children=0
kill hidden=false disableFlagParsing=true args=true children=0
notify hidden=false disableFlagParsing=true args=true children=0
pin hidden=false disableFlagParsing=true args=true children=0
popup-wait-key hidden=true disableFlagParsing=true args=true children=0
preview hidden=true disableFlagParsing=true args=true children=0
prune hidden=false disableFlagParsing=true args=true children=0
quit hidden=false disableFlagParsing=true args=true children=0
rebind hidden=false disableFlagParsing=true args=true children=0
rename hidden=false disableFlagParsing=true args=true children=0
resources hidden=false disableFlagParsing=true args=true children=0
restore hidden=false disableFlagParsing=true args=true children=0
runtime hidden=false disableFlagParsing=true args=true children=0
session-popup hidden=true disableFlagParsing=true args=true children=0
session-state hidden=false disableFlagParsing=true args=true children=0
sessions hidden=false disableFlagParsing=true args=true children=0
settings hidden=false disableFlagParsing=true args=true children=0
setup hidden=false disableFlagParsing=true args=true children=0
shell hidden=false disableFlagParsing=true args=true children=0
status hidden=true disableFlagParsing=true args=true children=0
statusbar hidden=true disableFlagParsing=true args=true children=0
switch hidden=false disableFlagParsing=true args=true children=0
tag hidden=false disableFlagParsing=true args=true children=0
tmux hidden=true disableFlagParsing=true args=true children=0
update hidden=false disableFlagParsing=true args=true children=0
upgrade hidden=false disableFlagParsing=true args=true children=0
usage hidden=false disableFlagParsing=true args=true children=0
version hidden=false disableFlagParsing=true args=true children=0
welcome hidden=false disableFlagParsing=true args=true children=0
window hidden=false disableFlagParsing=true args=true children=0
