schema=v3
scenario=create-project-new route=create project identity=created address=allocated topology=established desired-state=created runtime=unchanged focus=unchanged cardinality=exact-one domain-effect=null
scenario=create-project-reuse route=create project identity=reused address=unchanged topology=unchanged desired-state=reused runtime=unchanged focus=unchanged cardinality=exact-one domain-effect=null
scenario=create-window-offline route=create window identity=created address=allocated topology=established desired-state=created runtime=materialized focus=unchanged cardinality=exact-one domain-effect=null
scenario=create-window-parent-live route=create window identity=created address=allocated topology=established desired-state=created runtime=materialized focus=unchanged cardinality=exact-one domain-effect=null
scenario=create-pane route=create pane identity=created address=allocated topology=established desired-state=created runtime=materialized focus=unchanged cardinality=one-or-more domain-effect=null
scenario=create-agent route=create agent identity=created address=allocated topology=established desired-state=created runtime=materialized focus=unchanged cardinality=one-or-more domain-effect=null
scenario=create-codex route=create codex identity=created address=allocated topology=established desired-state=created runtime=materialized focus=unchanged cardinality=one-or-more domain-effect=null
scenario=create-claude route=create claude identity=created address=allocated topology=established desired-state=created runtime=materialized focus=unchanged cardinality=one-or-more domain-effect=null
scenario=create-antigravity route=create antigravity identity=created address=allocated topology=established desired-state=created runtime=materialized focus=unchanged cardinality=one-or-more domain-effect=null
scenario=agent-resume-existing-agent route=agent resume identity=reused address=unchanged topology=unchanged desired-state=unchanged runtime=materialized focus=unchanged cardinality=exact-one domain-effect=null
scenario=agent-resume-new-pane route=agent resume identity=created address=allocated topology=established desired-state=created runtime=materialized focus=unchanged cardinality=exact-one domain-effect=null
scenario=attach-project-offline route=attach project identity=unchanged address=unchanged topology=unchanged desired-state=unchanged runtime=materialized focus=attached-caller cardinality=exact-one domain-effect=null
scenario=attach-project-live route=attach project identity=unchanged address=unchanged topology=unchanged desired-state=unchanged runtime=already-live focus=attached-caller cardinality=exact-one domain-effect=null
scenario=focus-project route=focus project identity=unchanged address=unchanged topology=unchanged desired-state=unchanged runtime=unchanged focus=moved-current-client cardinality=exact-one domain-effect=null
scenario=focus-window route=focus window identity=unchanged address=unchanged topology=unchanged desired-state=unchanged runtime=unchanged focus=moved-current-client cardinality=exact-one domain-effect=null
scenario=focus-pane route=focus pane identity=unchanged address=unchanged topology=unchanged desired-state=unchanged runtime=unchanged focus=moved-current-client cardinality=exact-one domain-effect=null
scenario=switch-cancel route=switch identity=unchanged address=unchanged topology=unchanged desired-state=unchanged runtime=unchanged focus=unchanged cardinality=unchanged domain-effect=null
scenario=switch-sidebar-cancel-restore route=switch identity=unchanged address=unchanged topology=unchanged desired-state=unchanged runtime=already-live focus=moved-current-client cardinality=exact-one domain-effect=null
scenario=switch-pin route=switch identity=unchanged address=unchanged topology=unchanged desired-state=unchanged runtime=unchanged focus=unchanged cardinality=unchanged domain-effect=null
scenario=switch-settings route=switch identity=unchanged address=unchanged topology=unchanged desired-state=unchanged runtime=unchanged focus=unchanged cardinality=unchanged domain-effect=null
scenario=switch-registry-read-only route=switch identity=unchanged address=unchanged topology=unchanged desired-state=unchanged runtime=unchanged focus=unchanged cardinality=unchanged domain-effect=null
scenario=switch-candidate route=switch identity=created address=allocated topology=established desired-state=created runtime=materialized focus=moved-current-client cardinality=exact-one domain-effect=null
scenario=switch-existing-inside route=switch identity=unchanged address=unchanged topology=unchanged desired-state=unchanged runtime=already-live focus=moved-current-client cardinality=exact-one domain-effect=null
scenario=switch-existing-outside route=switch identity=unchanged address=unchanged topology=unchanged desired-state=unchanged runtime=already-live focus=attached-caller cardinality=exact-one domain-effect=null
scenario=switch-registered-offline-continue route=switch identity=reused address=unchanged topology=unchanged desired-state=reused runtime=materialized focus=moved-current-client cardinality=exact-one domain-effect=null
scenario=switch-fresh-replace route=switch identity=replaced address=released topology=replaced desired-state=replaced runtime=materialized focus=moved-current-client cardinality=exact-one domain-effect=null
scenario=switch-kill-detached route=switch identity=unchanged address=unchanged topology=unchanged desired-state=unchanged runtime=stopped focus=unchanged cardinality=exact-one domain-effect=null
scenario=switch-kill-attached-fallback route=switch identity=unchanged address=unchanged topology=unchanged desired-state=unchanged runtime=stopped focus=moved-current-client cardinality=exact-one domain-effect=null
scenario=rename-project route=rename project identity=unchanged address=renamed topology=unchanged desired-state=unchanged runtime=unchanged focus=unchanged cardinality=exact-one domain-effect=null
scenario=rename-window route=rename window identity=unchanged address=renamed topology=unchanged desired-state=unchanged runtime=unchanged focus=unchanged cardinality=exact-one domain-effect=null
scenario=rename-pane route=rename pane identity=unchanged address=renamed topology=unchanged desired-state=unchanged runtime=unchanged focus=unchanged cardinality=exact-one domain-effect=null
scenario=rename-agent route=rename agent identity=unchanged address=renamed topology=unchanged desired-state=unchanged runtime=unchanged focus=unchanged cardinality=exact-one domain-effect=null
scenario=rebind-project route=rebind project identity=unchanged address=unchanged topology=unchanged desired-state=replaced runtime=unchanged focus=unchanged cardinality=exact-one domain-effect=null
scenario=delete-project-live route=delete project identity=removed address=released topology=removed desired-state=removed runtime=preserved focus=unchanged cardinality=one-or-more domain-effect=null
scenario=delete-window-live route=delete window identity=removed address=released topology=removed desired-state=removed runtime=stopped focus=unchanged cardinality=one-or-more domain-effect=null
scenario=delete-pane-live-active route=delete pane identity=removed address=released topology=removed desired-state=removed runtime=stopped focus=moved-current-client cardinality=one-or-more domain-effect=null
scenario=delete-agent-offline route=delete agent identity=removed address=released topology=removed desired-state=removed runtime=unchanged focus=unchanged cardinality=one-or-more domain-effect=null
scenario=prune-project route=prune project identity=removed address=released topology=removed desired-state=removed runtime=unchanged focus=unchanged cardinality=zero-or-more domain-effect=null
scenario=shell-control-bootstrap route=shell identity=created address=allocated topology=established desired-state=created runtime=materialized focus=attached-caller cardinality=one-or-more domain-effect=null
scenario=shell-project-reuse-materialize route=shell identity=reused address=unchanged topology=unchanged desired-state=reused runtime=materialized focus=attached-caller cardinality=exact-one domain-effect=null
scenario=shell-existing-runtime route=shell identity=unchanged address=unchanged topology=unchanged desired-state=unchanged runtime=already-live focus=attached-caller cardinality=exact-one domain-effect=null
scenario=reconcile-resources-noop route=reconcile resources identity=unchanged address=unchanged topology=unchanged desired-state=unchanged runtime=unchanged focus=unchanged cardinality=zero-or-more domain-effect=null
scenario=reconcile-resources-orphan-import route=reconcile resources identity=created address=allocated topology=established desired-state=created runtime=unchanged focus=unchanged cardinality=zero-or-more domain-effect=null
scenario=reconcile-resources-authorship-promotion route=reconcile resources identity=created address=allocated topology=reparented desired-state=replaced runtime=unchanged focus=unchanged cardinality=zero-or-more domain-effect=null
scenario=reconcile-resources-materialize-project route=reconcile resources identity=unchanged address=unchanged topology=unchanged desired-state=unchanged runtime=materialized focus=unchanged cardinality=exact-one domain-effect=null
scenario=reconcile-registry-noop route=reconcile registry identity=unchanged address=unchanged topology=unchanged desired-state=unchanged runtime=unchanged focus=unchanged cardinality=zero-or-more domain-effect=null
scenario=reconcile-registry-restore-add route=reconcile registry identity=created address=allocated topology=established desired-state=created runtime=unchanged focus=unchanged cardinality=zero-or-more domain-effect=null
scenario=reconcile-registry-restore-remove route=reconcile registry identity=removed address=released topology=removed desired-state=removed runtime=unchanged focus=unchanged cardinality=zero-or-more domain-effect=null
scenario=reconcile-registry-restore-rewrite route=reconcile registry identity=replaced address=renamed topology=reparented desired-state=replaced runtime=unchanged focus=unchanged cardinality=zero-or-more domain-effect=null
scenario=reconcile-registry-restore-topology-replace route=reconcile registry identity=replaced address=unchanged topology=replaced desired-state=replaced runtime=unchanged focus=unchanged cardinality=zero-or-more domain-effect=null
scenario=internal-focus-client route=internal focus identity=unchanged address=unchanged topology=unchanged desired-state=unchanged runtime=unchanged focus=moved-current-client cardinality=exact-one domain-effect=null
scenario=internal-focus-notify-only route=internal focus identity=unchanged address=unchanged topology=unchanged desired-state=unchanged runtime=unchanged focus=unchanged cardinality=exact-one domain-effect=null
scenario=statusbar-click-window route=internal statusbar click identity=unchanged address=unchanged topology=unchanged desired-state=unchanged runtime=unchanged focus=moved-current-client cardinality=exact-one domain-effect=null
scenario=statusbar-click-notify-only route=internal statusbar click identity=unchanged address=unchanged topology=unchanged desired-state=unchanged runtime=unchanged focus=unchanged cardinality=exact-one domain-effect=null
scenario=statusbar-click-noop route=internal statusbar click identity=unchanged address=unchanged topology=unchanged desired-state=unchanged runtime=unchanged focus=unchanged cardinality=unchanged domain-effect=null
scenario=agent-pane-launch-default-create route=internal agent-pane launch-default identity=created address=allocated topology=established desired-state=created runtime=materialized focus=unchanged cardinality=exact-one domain-effect=null
scenario=agent-pane-launch-default-picker route=internal agent-pane launch-default identity=unchanged address=unchanged topology=unchanged desired-state=unchanged runtime=unchanged focus=unchanged cardinality=unchanged domain-effect=null
scenario=agent-pane-picker-create route=internal agent-pane picker identity=created address=allocated topology=established desired-state=created runtime=materialized focus=unchanged cardinality=exact-one domain-effect=null
scenario=agent-pane-picker-resume route=internal agent-pane picker identity=reused address=allocated topology=established desired-state=created runtime=materialized focus=unchanged cardinality=exact-one domain-effect=null
scenario=agent-pane-picker-cancel route=internal agent-pane picker identity=unchanged address=unchanged topology=unchanged desired-state=unchanged runtime=unchanged focus=unchanged cardinality=unchanged domain-effect=null
scenario=window-recent-switch route=window recent identity=unchanged address=unchanged topology=unchanged desired-state=unchanged runtime=unchanged focus=moved-current-client cardinality=exact-one domain-effect=null
scenario=window-recent-attach route=window recent identity=unchanged address=unchanged topology=unchanged desired-state=unchanged runtime=unchanged focus=attached-caller cardinality=exact-one domain-effect=null
scenario=window-recent-current route=window recent identity=unchanged address=unchanged topology=unchanged desired-state=unchanged runtime=unchanged focus=unchanged cardinality=exact-one domain-effect=null
scenario=window-recent-cancel route=window recent identity=unchanged address=unchanged topology=unchanged desired-state=unchanged runtime=unchanged focus=unchanged cardinality=unchanged domain-effect=null
scenario=window-recent-runtime-attach-live route=window recent identity=unchanged address=unchanged topology=unchanged desired-state=unchanged runtime=already-live focus=attached-caller cardinality=exact-one domain-effect=null
scenario=window-recent-runtime-attach-after-race route=window recent identity=unchanged address=unchanged topology=unchanged desired-state=unchanged runtime=materialized focus=attached-caller cardinality=exact-one domain-effect=null
scenario=runtime-sessions-cancel route=runtime sessions identity=unchanged address=unchanged topology=unchanged desired-state=unchanged runtime=unchanged focus=unchanged cardinality=unchanged domain-effect=null
scenario=runtime-sessions-state-overview route=runtime sessions identity=unchanged address=unchanged topology=unchanged desired-state=unchanged runtime=unchanged focus=unchanged cardinality=unchanged domain-effect=null
scenario=runtime-sessions-open-switch route=runtime sessions identity=unchanged address=unchanged topology=unchanged desired-state=unchanged runtime=already-live focus=moved-current-client cardinality=exact-one domain-effect=null
scenario=runtime-sessions-open-attach route=runtime sessions identity=unchanged address=unchanged topology=unchanged desired-state=unchanged runtime=already-live focus=attached-caller cardinality=exact-one domain-effect=null
scenario=runtime-sessions-kill-detached route=runtime sessions identity=unchanged address=unchanged topology=unchanged desired-state=unchanged runtime=stopped focus=unchanged cardinality=exact-one domain-effect=null
scenario=runtime-sessions-kill-attached-fallback route=runtime sessions identity=unchanged address=unchanged topology=unchanged desired-state=unchanged runtime=stopped focus=moved-current-client cardinality=exact-one domain-effect=null
scenario=runtime-sessions-diagnostics-rematerialize route=runtime sessions identity=unchanged address=unchanged topology=unchanged desired-state=unchanged runtime=materialized focus=attached-caller cardinality=exact-one domain-effect=null
scenario=session-popup-open-switch route=internal session-popup open identity=unchanged address=unchanged topology=unchanged desired-state=unchanged runtime=already-live focus=moved-current-client cardinality=exact-one domain-effect=null
scenario=session-popup-open-attach route=internal session-popup open identity=unchanged address=unchanged topology=unchanged desired-state=unchanged runtime=already-live focus=attached-caller cardinality=exact-one domain-effect=null
scenario=runtime-diagnostics-cancel route=runtime diagnostics identity=unchanged address=unchanged topology=unchanged desired-state=unchanged runtime=unchanged focus=unchanged cardinality=unchanged domain-effect=null
scenario=runtime-diagnostics-focus route=runtime diagnostics identity=unchanged address=unchanged topology=unchanged desired-state=unchanged runtime=unchanged focus=moved-current-client cardinality=exact-one domain-effect=null
scenario=runtime-diagnostics-attach-live route=runtime diagnostics identity=unchanged address=unchanged topology=unchanged desired-state=unchanged runtime=already-live focus=attached-caller cardinality=exact-one domain-effect=null
scenario=runtime-diagnostics-attach-after-race route=runtime diagnostics identity=unchanged address=unchanged topology=unchanged desired-state=unchanged runtime=materialized focus=attached-caller cardinality=exact-one domain-effect=null
scenario=restore-snapshot-dry-run route=restore snapshot identity=unchanged address=unchanged topology=unchanged desired-state=unchanged runtime=unchanged focus=unchanged cardinality=unchanged domain-effect=null
scenario=restore-snapshot-preserve route=restore snapshot identity=reused address=unchanged topology=unchanged desired-state=unchanged runtime=materialized focus=moved-current-client cardinality=one-or-more domain-effect=null
scenario=restore-snapshot-create route=restore snapshot identity=created address=allocated topology=established desired-state=created runtime=materialized focus=attached-caller cardinality=one-or-more domain-effect=null
scenario=restore-snapshot-remove route=restore snapshot identity=removed address=released topology=removed desired-state=removed runtime=materialized focus=moved-current-client cardinality=one-or-more domain-effect=null
scenario=restore-snapshot-replace route=restore snapshot identity=replaced address=unchanged topology=replaced desired-state=replaced runtime=materialized focus=moved-current-client cardinality=one-or-more domain-effect=null
scenario=restore-snapshot-post-commit-materialize-failure route=restore snapshot identity=replaced address=unchanged topology=replaced desired-state=replaced runtime=unchanged focus=unchanged cardinality=one-or-more domain-effect=null
