en-US
80|User: fast preview conversation fast preview conversation fast preview conve
100|User: fast preview conversation fast preview conversation fast preview conversation fast preview
120|User: fast preview conversation fast preview conversation fast preview conversation fast preview conversation fast p
ko-KR
80|사용자: 빠른 미리보기 대화 내용 빠른 미리보기 대화 내용 빠른 미리보기 대화
100|사용자: 빠른 미리보기 대화 내용 빠른 미리보기 대화 내용 빠른 미리보기 대화 내용 빠른 미리보기 대
120|사용자: 빠른 미리보기 대화 내용 빠른 미리보기 대화 내용 빠른 미리보기 대화 내용 빠른 미리보기 대화 내용 빠른 미리보
