projmux doctor
read-only diagnostics; displayed remediation is never executed

Dependencies
  Summary: 3 ok, 0 missing, 0 stale, 0 skipped, 0 hint.

Runtime
  Summary: 2 info, 2 warning, 0 error.
  [warning] runtime.socket.unreachable; remediation: start-projmux-runtime
  [warning] runtime.config.generated-missing; remediation: run-projmux-tmux-apply

AI notify integrations
  Summary: 0 installed, 0 missing, 0 stale, 0 conflict, 0 skipped.

Codex payload-free capability
  Cache key: ; durable-zero-turn-resume: unknown; remote-new-session: unknown
  Create route: plain-fallback; reason: exact-capability-unknown

Codex control-plane surfaces
  Diagnosis vintage: unknown on this platform; a process running a replaced image cannot be told apart from one running the installed build
  [unobserved] broker-diagnostics     no broker reading was taken
  [unobserved] hook-attribution       no hook ingest log was readable
  [unobserved] observer-reason        no managed Codex Agent to read
  [unobserved] connection-continuity  no running runtime to read continuity from
  [unobserved] turn-admission         no managed Codex Agent to read
  [unobserved] hook-delivery          no hook ingest log was readable
  [unobserved] pane-ownership         no hook ingest log and Registry pair was readable

Session State resume metadata
  Summary: 0 available, 0 stale, 0 unavailable.

Session State retention
  Snapshots are never automatically pruned; inspect stale candidates with `projmux prune snapshot` and delete only by explicit name.

Logs
  Summary: 1 info, 3 warning, 0 error.
  [warning] logs.state.missing; remediation: inspect-state-permissions
  [warning] logs.directory.missing; remediation: inspect-log-permissions
  [warning] logs.journal.missing; remediation: inspect-operational-journal

Registry materialization invariants
  Summary: 2 info, 0 warning, 0 error.
  Divergence counts: D1-unrealized=0 D2-unattributed=0 D3-orphan-mirror=0 D4-contamination=0 D5-drift=0 D6-unknown=0
  [info   ] registry.materialize.audited; remediation: none
  [info   ] registry.materialize.clean; remediation: none
