[en-US 80x24]
╭──────────────────────────────────────────────────────────────────────────────╮
│ AI Resume                                                                    │
├──────────────────────────────────────────────────────────────────────────────┤
│Search AI Resume >                                                           2│
│──────────────────────────────────────────────────────────────────────────────│
│  [+ New Session]                                                             │
│▌        [claude] main               [builder → builder-pane] Binding convers │
│                                                                              │
│                                                                              │
│                                                                              │
│                                                                              │
│                                                                              │
│                                                                              │
│                                                                              │
│                                                                              │
│                                                                              │
│──────────────────────────────────────────────────────────────────────────────│
│claude · Binding conversation                                                 │
│projmux binding: [builder → builder-pane]                                     │
│Conversation ID: exact-binding-id · Source: claude-transcript                 │
│Preview                                                                       │
│Fixture preview                                                               │
│... 3 more lines                                                              │
╰──────────────────────────────────────────────────────────────────────────────╯
[en-US 120x40]
╭──────────────────────────────────────────────────────────────────────────────────────────────────────────────────────╮
│ AI Resume                                                                                                            │
├──────────────────────────────────────────────────────────────────────────────────────────────────────────────────────┤
│Search AI Resume >                                                                                                   2│
│──────────────────────────────────────────────────────────────────────────────────────────────────────────────────────│
│  [+ New Session]                                                                                                     │
│▌        [claude] main               [builder → builder-pane] Binding conversation                                    │
│                                                                                                                      │
│                                                                                                                      │
│                                                                                                                      │
│                                                                                                                      │
│                                                                                                                      │
│                                                                                                                      │
│                                                                                                                      │
│                                                                                                                      │
│                                                                                                                      │
│                                                                                                                      │
│                                                                                                                      │
│                                                                                                                      │
│                                                                                                                      │
│                                                                                                                      │
│                                                                                                                      │
│                                                                                                                      │
│                                                                                                                      │
│                                                                                                                      │
│                                                                                                                      │
│                                                                                                                      │
│──────────────────────────────────────────────────────────────────────────────────────────────────────────────────────│
│claude · Binding conversation                                                                                         │
│projmux binding: [builder → builder-pane]                                                                             │
│Conversation ID: exact-binding-id · Source: claude-transcript                                                         │
│Preview                                                                                                               │
│Fixture preview                                                                                                       │
│                                                                                                                      │
│Details                                                                                                               │
│Turns: unavailable                                                                                                    │
│                                                                                                                      │
│                                                                                                                      │
│                                                                                                                      │
╰──────────────────────────────────────────────────────────────────────────────────────────────────────────────────────╯
[ko-KR 80x24]
╭──────────────────────────────────────────────────────────────────────────────╮
│ AI Resume                                                                    │
├──────────────────────────────────────────────────────────────────────────────┤
│검색 AI Resume >                                                             2│
│──────────────────────────────────────────────────────────────────────────────│
│  [+ New Session]                                                             │
│▌        [claude] main               [builder → builder-pane] Binding convers │
│                                                                              │
│                                                                              │
│                                                                              │
│                                                                              │
│                                                                              │
│                                                                              │
│                                                                              │
│                                                                              │
│                                                                              │
│──────────────────────────────────────────────────────────────────────────────│
│claude · Binding conversation                                                 │
│projmux 결속: [builder → builder-pane]                                        │
│대화 ID: exact-binding-id · 소스: claude-transcript                           │
│미리 보기                                                                     │
│Fixture preview                                                               │
│... 3 more lines                                                              │
╰──────────────────────────────────────────────────────────────────────────────╯
[ko-KR 120x40]
╭──────────────────────────────────────────────────────────────────────────────────────────────────────────────────────╮
│ AI Resume                                                                                                            │
├──────────────────────────────────────────────────────────────────────────────────────────────────────────────────────┤
│검색 AI Resume >                                                                                                     2│
│──────────────────────────────────────────────────────────────────────────────────────────────────────────────────────│
│  [+ New Session]                                                                                                     │
│▌        [claude] main               [builder → builder-pane] Binding conversation                                    │
│                                                                                                                      │
│                                                                                                                      │
│                                                                                                                      │
│                                                                                                                      │
│                                                                                                                      │
│                                                                                                                      │
│                                                                                                                      │
│                                                                                                                      │
│                                                                                                                      │
│                                                                                                                      │
│                                                                                                                      │
│                                                                                                                      │
│                                                                                                                      │
│                                                                                                                      │
│                                                                                                                      │
│                                                                                                                      │
│                                                                                                                      │
│                                                                                                                      │
│                                                                                                                      │
│                                                                                                                      │
│──────────────────────────────────────────────────────────────────────────────────────────────────────────────────────│
│claude · Binding conversation                                                                                         │
│projmux 결속: [builder → builder-pane]                                                                                │
│대화 ID: exact-binding-id · 소스: claude-transcript                                                                   │
│미리 보기                                                                                                             │
│Fixture preview                                                                                                       │
│                                                                                                                      │
│세부 정보                                                                                                             │
│턴: 사용할 수 없음                                                                                                    │
│                                                                                                                      │
│                                                                                                                      │
│                                                                                                                      │
╰──────────────────────────────────────────────────────────────────────────────────────────────────────────────────────╯
