[en-US 80x24 claude-transcript]
╭──────────────────────────────────────────────────────────────────────────────╮
│ AI Resume                                                                    │
├──────────────────────────────────────────────────────────────────────────────┤
│Search AI Resume >                                                           4│
│──────────────────────────────────────────────────────────────────────────────│
│  [+ New Session]                                                             │
│▌        [claude] main               [a → a-pane] Claude title                │
│         [codex]  main               [c → c-pane] Rollout prompt              │
│         [codex]  main               [n → n-pane] Native title                │
│                                                                              │
│                                                                              │
│                                                                              │
│                                                                              │
│                                                                              │
│                                                                              │
│                                                                              │
│──────────────────────────────────────────────────────────────────────────────│
│claude · Claude title                                                         │
│projmux binding: [a → a-pane]                                                 │
│Conversation ID: 019f0000-0000-7000-8000-000000000001 · Source: claude-transcr│
│Preview                                                                       │
│Independent preview                                                           │
│... 3 more lines                                                              │
╰──────────────────────────────────────────────────────────────────────────────╯
[en-US 80x24 codex-rollout]
╭──────────────────────────────────────────────────────────────────────────────╮
│ AI Resume                                                                    │
├──────────────────────────────────────────────────────────────────────────────┤
│Search AI Resume >                                                           4│
│──────────────────────────────────────────────────────────────────────────────│
│  [+ New Session]                                                             │
│         [claude] main               [a → a-pane] Claude title                │
│▌        [codex]  main               [c → c-pane] Rollout prompt              │
│         [codex]  main               [n → n-pane] Native title                │
│                                                                              │
│                                                                              │
│                                                                              │
│                                                                              │
│                                                                              │
│                                                                              │
│                                                                              │
│──────────────────────────────────────────────────────────────────────────────│
│codex · Rollout prompt                                                        │
│projmux binding: [c → c-pane]                                                 │
│Conversation ID: 019f0000-0000-7000-8000-000000000002 · Source: codex-rollout │
│Preview                                                                       │
│Independent preview                                                           │
│... 3 more lines                                                              │
╰──────────────────────────────────────────────────────────────────────────────╯
[en-US 80x24 codex-app-server]
╭──────────────────────────────────────────────────────────────────────────────╮
│ AI Resume                                                                    │
├──────────────────────────────────────────────────────────────────────────────┤
│Search AI Resume >                                                           4│
│──────────────────────────────────────────────────────────────────────────────│
│  [+ New Session]                                                             │
│         [claude] main               [a → a-pane] Claude title                │
│         [codex]  main               [c → c-pane] Rollout prompt              │
│▌        [codex]  main               [n → n-pane] Native title                │
│                                                                              │
│                                                                              │
│                                                                              │
│                                                                              │
│                                                                              │
│                                                                              │
│                                                                              │
│──────────────────────────────────────────────────────────────────────────────│
│codex · Native title                                                          │
│projmux binding: [n → n-pane]                                                 │
│Conversation ID: 019f0000-0000-7000-8000-000000000003 · Source: codex-app-serv│
│Preview                                                                       │
│Independent preview                                                           │
│... 3 more lines                                                              │
╰──────────────────────────────────────────────────────────────────────────────╯
[en-US 120x40 claude-transcript]
╭──────────────────────────────────────────────────────────────────────────────────────────────────────────────────────╮
│ AI Resume                                                                                                            │
├──────────────────────────────────────────────────────────────────────────────────────────────────────────────────────┤
│Search AI Resume >                                                                                                   4│
│──────────────────────────────────────────────────────────────────────────────────────────────────────────────────────│
│  [+ New Session]                                                                                                     │
│▌        [claude] main               [a → a-pane] Claude title                                                        │
│         [codex]  main               [c → c-pane] Rollout prompt                                                      │
│         [codex]  main               [n → n-pane] Native title                                                        │
│                                                                                                                      │
│                                                                                                                      │
│                                                                                                                      │
│                                                                                                                      │
│                                                                                                                      │
│                                                                                                                      │
│                                                                                                                      │
│                                                                                                                      │
│                                                                                                                      │
│                                                                                                                      │
│                                                                                                                      │
│                                                                                                                      │
│                                                                                                                      │
│                                                                                                                      │
│                                                                                                                      │
│                                                                                                                      │
│                                                                                                                      │
│                                                                                                                      │
│──────────────────────────────────────────────────────────────────────────────────────────────────────────────────────│
│claude · Claude title                                                                                                 │
│projmux binding: [a → a-pane]                                                                                         │
│Conversation ID: 019f0000-0000-7000-8000-000000000001 · Source: claude-transcript                                     │
│Preview                                                                                                               │
│Independent preview                                                                                                   │
│                                                                                                                      │
│Details                                                                                                               │
│Turns: unavailable                                                                                                    │
│                                                                                                                      │
│                                                                                                                      │
│                                                                                                                      │
╰──────────────────────────────────────────────────────────────────────────────────────────────────────────────────────╯
[en-US 120x40 codex-rollout]
╭──────────────────────────────────────────────────────────────────────────────────────────────────────────────────────╮
│ AI Resume                                                                                                            │
├──────────────────────────────────────────────────────────────────────────────────────────────────────────────────────┤
│Search AI Resume >                                                                                                   4│
│──────────────────────────────────────────────────────────────────────────────────────────────────────────────────────│
│  [+ New Session]                                                                                                     │
│         [claude] main               [a → a-pane] Claude title                                                        │
│▌        [codex]  main               [c → c-pane] Rollout prompt                                                      │
│         [codex]  main               [n → n-pane] Native title                                                        │
│                                                                                                                      │
│                                                                                                                      │
│                                                                                                                      │
│                                                                                                                      │
│                                                                                                                      │
│                                                                                                                      │
│                                                                                                                      │
│                                                                                                                      │
│                                                                                                                      │
│                                                                                                                      │
│                                                                                                                      │
│                                                                                                                      │
│                                                                                                                      │
│                                                                                                                      │
│                                                                                                                      │
│                                                                                                                      │
│                                                                                                                      │
│                                                                                                                      │
│──────────────────────────────────────────────────────────────────────────────────────────────────────────────────────│
│codex · Rollout prompt                                                                                                │
│projmux binding: [c → c-pane]                                                                                         │
│Conversation ID: 019f0000-0000-7000-8000-000000000002 · Source: codex-rollout                                         │
│Preview                                                                                                               │
│Independent preview                                                                                                   │
│                                                                                                                      │
│Details                                                                                                               │
│Turns: unavailable                                                                                                    │
│                                                                                                                      │
│                                                                                                                      │
│                                                                                                                      │
╰──────────────────────────────────────────────────────────────────────────────────────────────────────────────────────╯
[en-US 120x40 codex-app-server]
╭──────────────────────────────────────────────────────────────────────────────────────────────────────────────────────╮
│ AI Resume                                                                                                            │
├──────────────────────────────────────────────────────────────────────────────────────────────────────────────────────┤
│Search AI Resume >                                                                                                   4│
│──────────────────────────────────────────────────────────────────────────────────────────────────────────────────────│
│  [+ New Session]                                                                                                     │
│         [claude] main               [a → a-pane] Claude title                                                        │
│         [codex]  main               [c → c-pane] Rollout prompt                                                      │
│▌        [codex]  main               [n → n-pane] Native title                                                        │
│                                                                                                                      │
│                                                                                                                      │
│                                                                                                                      │
│                                                                                                                      │
│                                                                                                                      │
│                                                                                                                      │
│                                                                                                                      │
│                                                                                                                      │
│                                                                                                                      │
│                                                                                                                      │
│                                                                                                                      │
│                                                                                                                      │
│                                                                                                                      │
│                                                                                                                      │
│                                                                                                                      │
│                                                                                                                      │
│                                                                                                                      │
│                                                                                                                      │
│──────────────────────────────────────────────────────────────────────────────────────────────────────────────────────│
│codex · Native title                                                                                                  │
│projmux binding: [n → n-pane]                                                                                         │
│Conversation ID: 019f0000-0000-7000-8000-000000000003 · Source: codex-app-server                                      │
│Preview                                                                                                               │
│Independent preview                                                                                                   │
│                                                                                                                      │
│Details                                                                                                               │
│Turns: unavailable                                                                                                    │
│                                                                                                                      │
│                                                                                                                      │
│                                                                                                                      │
╰──────────────────────────────────────────────────────────────────────────────────────────────────────────────────────╯
[ko-KR 80x24 claude-transcript]
╭──────────────────────────────────────────────────────────────────────────────╮
│ AI Resume                                                                    │
├──────────────────────────────────────────────────────────────────────────────┤
│검색 AI Resume >                                                             4│
│──────────────────────────────────────────────────────────────────────────────│
│  [+ New Session]                                                             │
│▌        [claude] main               [a → a-pane] Claude title                │
│         [codex]  main               [c → c-pane] Rollout prompt              │
│         [codex]  main               [n → n-pane] Native title                │
│                                                                              │
│                                                                              │
│                                                                              │
│                                                                              │
│                                                                              │
│                                                                              │
│                                                                              │
│──────────────────────────────────────────────────────────────────────────────│
│claude · Claude title                                                         │
│projmux 결속: [a → a-pane]                                                    │
│대화 ID: 019f0000-0000-7000-8000-000000000001 · 소스: claude-transcript       │
│미리 보기                                                                     │
│Independent preview                                                           │
│... 3 more lines                                                              │
╰──────────────────────────────────────────────────────────────────────────────╯
[ko-KR 80x24 codex-rollout]
╭──────────────────────────────────────────────────────────────────────────────╮
│ AI Resume                                                                    │
├──────────────────────────────────────────────────────────────────────────────┤
│검색 AI Resume >                                                             4│
│──────────────────────────────────────────────────────────────────────────────│
│  [+ New Session]                                                             │
│         [claude] main               [a → a-pane] Claude title                │
│▌        [codex]  main               [c → c-pane] Rollout prompt              │
│         [codex]  main               [n → n-pane] Native title                │
│                                                                              │
│                                                                              │
│                                                                              │
│                                                                              │
│                                                                              │
│                                                                              │
│                                                                              │
│──────────────────────────────────────────────────────────────────────────────│
│codex · Rollout prompt                                                        │
│projmux 결속: [c → c-pane]                                                    │
│대화 ID: 019f0000-0000-7000-8000-000000000002 · 소스: codex-rollout           │
│미리 보기                                                                     │
│Independent preview                                                           │
│... 3 more lines                                                              │
╰──────────────────────────────────────────────────────────────────────────────╯
[ko-KR 80x24 codex-app-server]
╭──────────────────────────────────────────────────────────────────────────────╮
│ AI Resume                                                                    │
├──────────────────────────────────────────────────────────────────────────────┤
│검색 AI Resume >                                                             4│
│──────────────────────────────────────────────────────────────────────────────│
│  [+ New Session]                                                             │
│         [claude] main               [a → a-pane] Claude title                │
│         [codex]  main               [c → c-pane] Rollout prompt              │
│▌        [codex]  main               [n → n-pane] Native title                │
│                                                                              │
│                                                                              │
│                                                                              │
│                                                                              │
│                                                                              │
│                                                                              │
│                                                                              │
│──────────────────────────────────────────────────────────────────────────────│
│codex · Native title                                                          │
│projmux 결속: [n → n-pane]                                                    │
│대화 ID: 019f0000-0000-7000-8000-000000000003 · 소스: codex-app-server        │
│미리 보기                                                                     │
│Independent preview                                                           │
│... 3 more lines                                                              │
╰──────────────────────────────────────────────────────────────────────────────╯
[ko-KR 120x40 claude-transcript]
╭──────────────────────────────────────────────────────────────────────────────────────────────────────────────────────╮
│ AI Resume                                                                                                            │
├──────────────────────────────────────────────────────────────────────────────────────────────────────────────────────┤
│검색 AI Resume >                                                                                                     4│
│──────────────────────────────────────────────────────────────────────────────────────────────────────────────────────│
│  [+ New Session]                                                                                                     │
│▌        [claude] main               [a → a-pane] Claude title                                                        │
│         [codex]  main               [c → c-pane] Rollout prompt                                                      │
│         [codex]  main               [n → n-pane] Native title                                                        │
│                                                                                                                      │
│                                                                                                                      │
│                                                                                                                      │
│                                                                                                                      │
│                                                                                                                      │
│                                                                                                                      │
│                                                                                                                      │
│                                                                                                                      │
│                                                                                                                      │
│                                                                                                                      │
│                                                                                                                      │
│                                                                                                                      │
│                                                                                                                      │
│                                                                                                                      │
│                                                                                                                      │
│                                                                                                                      │
│                                                                                                                      │
│                                                                                                                      │
│──────────────────────────────────────────────────────────────────────────────────────────────────────────────────────│
│claude · Claude title                                                                                                 │
│projmux 결속: [a → a-pane]                                                                                            │
│대화 ID: 019f0000-0000-7000-8000-000000000001 · 소스: claude-transcript                                               │
│미리 보기                                                                                                             │
│Independent preview                                                                                                   │
│                                                                                                                      │
│세부 정보                                                                                                             │
│턴: 사용할 수 없음                                                                                                    │
│                                                                                                                      │
│                                                                                                                      │
│                                                                                                                      │
╰──────────────────────────────────────────────────────────────────────────────────────────────────────────────────────╯
[ko-KR 120x40 codex-rollout]
╭──────────────────────────────────────────────────────────────────────────────────────────────────────────────────────╮
│ AI Resume                                                                                                            │
├──────────────────────────────────────────────────────────────────────────────────────────────────────────────────────┤
│검색 AI Resume >                                                                                                     4│
│──────────────────────────────────────────────────────────────────────────────────────────────────────────────────────│
│  [+ New Session]                                                                                                     │
│         [claude] main               [a → a-pane] Claude title                                                        │
│▌        [codex]  main               [c → c-pane] Rollout prompt                                                      │
│         [codex]  main               [n → n-pane] Native title                                                        │
│                                                                                                                      │
│                                                                                                                      │
│                                                                                                                      │
│                                                                                                                      │
│                                                                                                                      │
│                                                                                                                      │
│                                                                                                                      │
│                                                                                                                      │
│                                                                                                                      │
│                                                                                                                      │
│                                                                                                                      │
│                                                                                                                      │
│                                                                                                                      │
│                                                                                                                      │
│                                                                                                                      │
│                                                                                                                      │
│                                                                                                                      │
│                                                                                                                      │
│──────────────────────────────────────────────────────────────────────────────────────────────────────────────────────│
│codex · Rollout prompt                                                                                                │
│projmux 결속: [c → c-pane]                                                                                            │
│대화 ID: 019f0000-0000-7000-8000-000000000002 · 소스: codex-rollout                                                   │
│미리 보기                                                                                                             │
│Independent preview                                                                                                   │
│                                                                                                                      │
│세부 정보                                                                                                             │
│턴: 사용할 수 없음                                                                                                    │
│                                                                                                                      │
│                                                                                                                      │
│                                                                                                                      │
╰──────────────────────────────────────────────────────────────────────────────────────────────────────────────────────╯
[ko-KR 120x40 codex-app-server]
╭──────────────────────────────────────────────────────────────────────────────────────────────────────────────────────╮
│ AI Resume                                                                                                            │
├──────────────────────────────────────────────────────────────────────────────────────────────────────────────────────┤
│검색 AI Resume >                                                                                                     4│
│──────────────────────────────────────────────────────────────────────────────────────────────────────────────────────│
│  [+ New Session]                                                                                                     │
│         [claude] main               [a → a-pane] Claude title                                                        │
│         [codex]  main               [c → c-pane] Rollout prompt                                                      │
│▌        [codex]  main               [n → n-pane] Native title                                                        │
│                                                                                                                      │
│                                                                                                                      │
│                                                                                                                      │
│                                                                                                                      │
│                                                                                                                      │
│                                                                                                                      │
│                                                                                                                      │
│                                                                                                                      │
│                                                                                                                      │
│                                                                                                                      │
│                                                                                                                      │
│                                                                                                                      │
│                                                                                                                      │
│                                                                                                                      │
│                                                                                                                      │
│                                                                                                                      │
│                                                                                                                      │
│                                                                                                                      │
│──────────────────────────────────────────────────────────────────────────────────────────────────────────────────────│
│codex · Native title                                                                                                  │
│projmux 결속: [n → n-pane]                                                                                            │
│대화 ID: 019f0000-0000-7000-8000-000000000003 · 소스: codex-app-server                                                │
│미리 보기                                                                                                             │
│Independent preview                                                                                                   │
│                                                                                                                      │
│세부 정보                                                                                                             │
│턴: 사용할 수 없음                                                                                                    │
│                                                                                                                      │
│                                                                                                                      │
│                                                                                                                      │
╰──────────────────────────────────────────────────────────────────────────────────────────────────────────────────────╯
